// Jest Snapshot v1, https://goo.gl/fbAQLP

exports[`snapshot tests renders component correctly if we provide efficient props 1`] = `
<div
  class="info"
>
  <a
    class="info__title info__title--truncate"
  >
    test text
  </a>
   
  <div
    class="info__time info__title--fixed-width"
  >
    <span
      class="time-current"
    >
      00:02:03
    </span>
     
    <span
      class="separator"
    >
      /
    </span>
     
    <span
      class="time-total"
    >
      03:25:45
    </span>
  </div>
</div>
`;
